// Jest Snapshot v1, https://goo.gl/fbAQLP

exports[`SearchInput should render 1`] = `
<div>
  <input
    autocomplete="off"
    class="w-full px-3 py-2 bg-gray-200 border-none rounded-tl-lg rounded-bl-lg outline-transparent"
    name="asd"
    type="text"
  />
  <button
    class="grid w-10 place-items-center"
  >
    <svg
      aria-hidden="true"
      class="w-5 h-5 text-gray-600"
      fill="currentColor"
      viewBox="0 0 20 20"
      xmlns="http://www.w3.org/2000/svg"
    >
      <path
        clip-rule="evenodd"
        d="M9 3.5a5.5 5.5 0 100 11 5.5 5.5 0 000-11zM2 9a7 7 0 1112.452 4.391l3.328 3.329a.75.75 0 11-1.06 1.06l-3.329-3.328A7 7 0 012 9z"
        fill-rule="evenodd"
      />
    </svg>
  </button>
</div>
`;
