// Jest Snapshot v1, https://goo.gl/fbAQLP

exports[`ImageSlider should render 1`] = `
<div>
  <div>
    Image Slider
  </div>
</div>
`;
