// Jest Snapshot v1, https://goo.gl/fbAQLP

exports[`SearchPage should render 1`] = `
<div>
  <div
    data-page="1"
    data-search-text="test"
    data-testid="search-product-list"
  />
</div>
`;

exports[`SearchPage should render when no search text 1`] = `<div />`;
